python : Error occurred in event listener
At line:1 char:1
+ python scripts/py_smoketest.py > test_output.txt 2>&1; Get-Content te ...
+ ~~~~~~~~~~~~~~~~~~~~~~~~~~~~~~~~~~~~~~~~~~~~~~~~~~~~~
    + CategoryInfo          : NotSpecified: (Error occurred in event listener:String) [], RemoteExceptio 
   n
    + FullyQualifiedErrorId : NativeCommandError
 
Traceback (most recent call last):
  File "C:\Users\jason\AppData\Local\Packages\PythonSoftwareFoundation.Python.3.11_qbz5n2kfra8p0\LocalCac
he\local-packages\Python311\site-packages\playwright\_impl\_connection.py", line 481, in dispatch
    g.switch(self._replace_guids_with_channels(params))
  File "C:\Users\jason\AppData\Local\Packages\PythonSoftwareFoundation.Python.3.11_qbz5n2kfra8p0\LocalCac
he\local-packages\Python311\site-packages\playwright\_impl\_connection.py", line 472, in 
_listener_with_error_handler_attached
    potential_future = listener(params)
                       ^^^^^^^^^^^^^^^^
  File "C:\Users\jason\AppData\Local\Packages\PythonSoftwareFoundation.Python.3.11_qbz5n2kfra8p0\LocalCac
he\local-packages\Python311\site-packages\playwright\_impl\_browser_context.py", line 159, in <lambda>
    lambda event: self._on_console_message(event),
                  ^^^^^^^^^^^^^^^^^^^^^^^^^^^^^^^
  File "C:\Users\jason\AppData\Local\Packages\PythonSoftwareFoundation.Python.3.11_qbz5n2kfra8p0\LocalCac
he\local-packages\Python311\site-packages\playwright\_impl\_browser_context.py", line 696, in 
_on_console_message
    page.emit(Page.Events.Console, message)
  File "C:\Users\jason\AppData\Local\Packages\PythonSoftwareFoundation.Python.3.11_qbz5n2kfra8p0\LocalCac
he\local-packages\Python311\site-packages\pyee\asyncio.py", line 70, in emit
    return super().emit(event, *args, **kwargs)
           ^^^^^^^^^^^^^^^^^^^^^^^^^^^^^^^^^^^^
  File "C:\Users\jason\AppData\Local\Packages\PythonSoftwareFoundation.Python.3.11_qbz5n2kfra8p0\LocalCac
he\local-packages\Python311\site-packages\pyee\base.py", line 220, in emit
    handled = self._call_handlers(event, args, kwargs)
              ^^^^^^^^^^^^^^^^^^^^^^^^^^^^^^^^^^^^^^^^
  File "C:\Users\jason\AppData\Local\Packages\PythonSoftwareFoundation.Python.3.11_qbz5n2kfra8p0\LocalCac
he\local-packages\Python311\site-packages\pyee\base.py", line 196, in _call_handlers
    self._emit_run(f, args, kwargs)
  File "C:\Users\jason\AppData\Local\Packages\PythonSoftwareFoundation.Python.3.11_qbz5n2kfra8p0\LocalCac
he\local-packages\Python311\site-packages\pyee\asyncio.py", line 81, in _emit_run
    self.emit("error", exc)
  File "C:\Users\jason\AppData\Local\Packages\PythonSoftwareFoundation.Python.3.11_qbz5n2kfra8p0\LocalCac
he\local-packages\Python311\site-packages\pyee\asyncio.py", line 70, in emit
    return super().emit(event, *args, **kwargs)
           ^^^^^^^^^^^^^^^^^^^^^^^^^^^^^^^^^^^^
  File "C:\Users\jason\AppData\Local\Packages\PythonSoftwareFoundation.Python.3.11_qbz5n2kfra8p0\LocalCac
he\local-packages\Python311\site-packages\pyee\base.py", line 223, in emit
    self._emit_handle_potential_error(event, args[0] if args else None)
  File "C:\Users\jason\AppData\Local\Packages\PythonSoftwareFoundation.Python.3.11_qbz5n2kfra8p0\LocalCac
he\local-packages\Python311\site-packages\pyee\base.py", line 181, in _emit_handle_potential_error
    raise error
  File "C:\Users\jason\AppData\Local\Packages\PythonSoftwareFoundation.Python.3.11_qbz5n2kfra8p0\LocalCac
he\local-packages\Python311\site-packages\pyee\asyncio.py", line 79, in _emit_run
    coro: Any = f(*args, **kwargs)
                ^^^^^^^^^^^^^^^^^^
  File "C:\Users\jason\AppData\Local\Packages\PythonSoftwareFoundation.Python.3.11_qbz5n2kfra8p0\LocalCac
he\local-packages\Python311\site-packages\playwright\_impl\_impl_to_api_mapping.py", line 123, in 
wrapper_func
    return handler(
           ^^^^^^^^
  File "C:\Source\thercreport\scripts\py_smoketest.py", line 30, in _on_console
    print('PAGE LOG:', text)
  File "C:\Program Files\WindowsApps\PythonSoftwareFoundation.Python.3.11_3.11.2544.0_x64__qbz5n2kfra8p0\
Lib\encodings\cp1252.py", line 19, in encode
    return codecs.charmap_encode(input,self.errors,encoding_table)[0]
           ^^^^^^^^^^^^^^^^^^^^^^^^^^^^^^^^^^^^^^^^^^^^^^^^^^^^^^^
UnicodeEncodeError: 'charmap' codec can't encode character '\U0001f680' in position 0: character maps to 
<undefined>
Error occurred in event listener
Traceback (most recent call last):
  File "C:\Users\jason\AppData\Local\Packages\PythonSoftwareFoundation.Python.3.11_qbz5n2kfra8p0\LocalCac
he\local-packages\Python311\site-packages\playwright\_impl\_connection.py", line 481, in dispatch
    g.switch(self._replace_guids_with_channels(params))
  File "C:\Users\jason\AppData\Local\Packages\PythonSoftwareFoundation.Python.3.11_qbz5n2kfra8p0\LocalCac
he\local-packages\Python311\site-packages\playwright\_impl\_connection.py", line 472, in 
_listener_with_error_handler_attached
    potential_future = listener(params)
                       ^^^^^^^^^^^^^^^^
  File "C:\Users\jason\AppData\Local\Packages\PythonSoftwareFoundation.Python.3.11_qbz5n2kfra8p0\LocalCac
he\local-packages\Python311\site-packages\playwright\_impl\_browser_context.py", line 159, in <lambda>
    lambda event: self._on_console_message(event),
                  ^^^^^^^^^^^^^^^^^^^^^^^^^^^^^^^
  File "C:\Users\jason\AppData\Local\Packages\PythonSoftwareFoundation.Python.3.11_qbz5n2kfra8p0\LocalCac
he\local-packages\Python311\site-packages\playwright\_impl\_browser_context.py", line 696, in 
_on_console_message
    page.emit(Page.Events.Console, message)
  File "C:\Users\jason\AppData\Local\Packages\PythonSoftwareFoundation.Python.3.11_qbz5n2kfra8p0\LocalCac
he\local-packages\Python311\site-packages\pyee\asyncio.py", line 70, in emit
    return super().emit(event, *args, **kwargs)
           ^^^^^^^^^^^^^^^^^^^^^^^^^^^^^^^^^^^^
  File "C:\Users\jason\AppData\Local\Packages\PythonSoftwareFoundation.Python.3.11_qbz5n2kfra8p0\LocalCac
he\local-packages\Python311\site-packages\pyee\base.py", line 220, in emit
    handled = self._call_handlers(event, args, kwargs)
              ^^^^^^^^^^^^^^^^^^^^^^^^^^^^^^^^^^^^^^^^
  File "C:\Users\jason\AppData\Local\Packages\PythonSoftwareFoundation.Python.3.11_qbz5n2kfra8p0\LocalCac
he\local-packages\Python311\site-packages\pyee\base.py", line 196, in _call_handlers
    self._emit_run(f, args, kwargs)
  File "C:\Users\jason\AppData\Local\Packages\PythonSoftwareFoundation.Python.3.11_qbz5n2kfra8p0\LocalCac
he\local-packages\Python311\site-packages\pyee\asyncio.py", line 81, in _emit_run
    self.emit("error", exc)
  File "C:\Users\jason\AppData\Local\Packages\PythonSoftwareFoundation.Python.3.11_qbz5n2kfra8p0\LocalCac
he\local-packages\Python311\site-packages\pyee\asyncio.py", line 70, in emit
    return super().emit(event, *args, **kwargs)
           ^^^^^^^^^^^^^^^^^^^^^^^^^^^^^^^^^^^^
  File "C:\Users\jason\AppData\Local\Packages\PythonSoftwareFoundation.Python.3.11_qbz5n2kfra8p0\LocalCac
he\local-packages\Python311\site-packages\pyee\base.py", line 223, in emit
    self._emit_handle_potential_error(event, args[0] if args else None)
  File "C:\Users\jason\AppData\Local\Packages\PythonSoftwareFoundation.Python.3.11_qbz5n2kfra8p0\LocalCac
he\local-packages\Python311\site-packages\pyee\base.py", line 181, in _emit_handle_potential_error
    raise error
  File "C:\Users\jason\AppData\Local\Packages\PythonSoftwareFoundation.Python.3.11_qbz5n2kfra8p0\LocalCac
he\local-packages\Python311\site-packages\pyee\asyncio.py", line 79, in _emit_run
    coro: Any = f(*args, **kwargs)
                ^^^^^^^^^^^^^^^^^^
  File "C:\Users\jason\AppData\Local\Packages\PythonSoftwareFoundation.Python.3.11_qbz5n2kfra8p0\LocalCac
he\local-packages\Python311\site-packages\playwright\_impl\_impl_to_api_mapping.py", line 123, in 
wrapper_func
    return handler(
           ^^^^^^^^
  File "C:\Source\thercreport\scripts\py_smoketest.py", line 30, in _on_console
    print('PAGE LOG:', text)
  File "C:\Program Files\WindowsApps\PythonSoftwareFoundation.Python.3.11_3.11.2544.0_x64__qbz5n2kfra8p0\
Lib\encodings\cp1252.py", line 19, in encode
    return codecs.charmap_encode(input,self.errors,encoding_table)[0]
           ^^^^^^^^^^^^^^^^^^^^^^^^^^^^^^^^^^^^^^^^^^^^^^^^^^^^^^^
UnicodeEncodeError: 'charmap' codec can't encode character '\U0001f527' in position 0: character maps to 
<undefined>
Navigating to http://localhost:8000
Traceback (most recent call last):
  File "C:\Users\jason\AppData\Local\Packages\PythonSoftwareFoundation.Python.3.11_qbz5n2kfra8p0\LocalCac
he\local-packages\Python311\site-packages\playwright\_impl\_connection.py", line 557, in wrap_api_call
    return await cb()
           ^^^^^^^^^^
  File "C:\Users\jason\AppData\Local\Packages\PythonSoftwareFoundation.Python.3.11_qbz5n2kfra8p0\LocalCac
he\local-packages\Python311\site-packages\playwright\_impl\_connection.py", line 119, in _inner_send
    raise error
  File "C:\Users\jason\AppData\Local\Packages\PythonSoftwareFoundation.Python.3.11_qbz5n2kfra8p0\LocalCac
he\local-packages\Python311\site-packages\playwright\_impl\_connection.py", line 481, in dispatch
    g.switch(self._replace_guids_with_channels(params))
  File "C:\Users\jason\AppData\Local\Packages\PythonSoftwareFoundation.Python.3.11_qbz5n2kfra8p0\LocalCac
he\local-packages\Python311\site-packages\playwright\_impl\_connection.py", line 472, in 
_listener_with_error_handler_attached
    potential_future = listener(params)
                       ^^^^^^^^^^^^^^^^
  File "C:\Users\jason\AppData\Local\Packages\PythonSoftwareFoundation.Python.3.11_qbz5n2kfra8p0\LocalCac
he\local-packages\Python311\site-packages\playwright\_impl\_browser_context.py", line 159, in <lambda>
    lambda event: self._on_console_message(event),
                  ^^^^^^^^^^^^^^^^^^^^^^^^^^^^^^^
  File "C:\Users\jason\AppData\Local\Packages\PythonSoftwareFoundation.Python.3.11_qbz5n2kfra8p0\LocalCac
he\local-packages\Python311\site-packages\playwright\_impl\_browser_context.py", line 696, in 
_on_console_message
    page.emit(Page.Events.Console, message)
  File "C:\Users\jason\AppData\Local\Packages\PythonSoftwareFoundation.Python.3.11_qbz5n2kfra8p0\LocalCac
he\local-packages\Python311\site-packages\pyee\asyncio.py", line 70, in emit
    return super().emit(event, *args, **kwargs)
           ^^^^^^^^^^^^^^^^^^^^^^^^^^^^^^^^^^^^
  File "C:\Users\jason\AppData\Local\Packages\PythonSoftwareFoundation.Python.3.11_qbz5n2kfra8p0\LocalCac
he\local-packages\Python311\site-packages\pyee\base.py", line 220, in emit
    handled = self._call_handlers(event, args, kwargs)
              ^^^^^^^^^^^^^^^^^^^^^^^^^^^^^^^^^^^^^^^^
  File "C:\Users\jason\AppData\Local\Packages\PythonSoftwareFoundation.Python.3.11_qbz5n2kfra8p0\LocalCac
he\local-packages\Python311\site-packages\pyee\base.py", line 196, in _call_handlers
    self._emit_run(f, args, kwargs)
  File "C:\Users\jason\AppData\Local\Packages\PythonSoftwareFoundation.Python.3.11_qbz5n2kfra8p0\LocalCac
he\local-packages\Python311\site-packages\pyee\asyncio.py", line 81, in _emit_run
    self.emit("error", exc)
  File "C:\Users\jason\AppData\Local\Packages\PythonSoftwareFoundation.Python.3.11_qbz5n2kfra8p0\LocalCac
he\local-packages\Python311\site-packages\pyee\asyncio.py", line 70, in emit
    return super().emit(event, *args, **kwargs)
           ^^^^^^^^^^^^^^^^^^^^^^^^^^^^^^^^^^^^
  File "C:\Users\jason\AppData\Local\Packages\PythonSoftwareFoundation.Python.3.11_qbz5n2kfra8p0\LocalCac
he\local-packages\Python311\site-packages\pyee\base.py", line 223, in emit
    self._emit_handle_potential_error(event, args[0] if args else None)
  File "C:\Users\jason\AppData\Local\Packages\PythonSoftwareFoundation.Python.3.11_qbz5n2kfra8p0\LocalCac
he\local-packages\Python311\site-packages\pyee\base.py", line 181, in _emit_handle_potential_error
    raise error
  File "C:\Users\jason\AppData\Local\Packages\PythonSoftwareFoundation.Python.3.11_qbz5n2kfra8p0\LocalCac
he\local-packages\Python311\site-packages\pyee\asyncio.py", line 79, in _emit_run
    coro: Any = f(*args, **kwargs)
                ^^^^^^^^^^^^^^^^^^
  File "C:\Users\jason\AppData\Local\Packages\PythonSoftwareFoundation.Python.3.11_qbz5n2kfra8p0\LocalCac
he\local-packages\Python311\site-packages\playwright\_impl\_impl_to_api_mapping.py", line 123, in 
wrapper_func
    return handler(
           ^^^^^^^^
  File "C:\Source\thercreport\scripts\py_smoketest.py", line 30, in _on_console
    print('PAGE LOG:', text)
  File "C:\Program Files\WindowsApps\PythonSoftwareFoundation.Python.3.11_3.11.2544.0_x64__qbz5n2kfra8p0\
Lib\encodings\cp1252.py", line 19, in encode
    return codecs.charmap_encode(input,self.errors,encoding_table)[0]
           ^^^^^^^^^^^^^^^^^^^^^^^^^^^^^^^^^^^^^^^^^^^^^^^^^^^^^^^
UnicodeEncodeError: 'charmap' codec can't encode character '\U0001f527' in position 0: character maps to 
<undefined>

During handling of the above exception, another exception occurred:

Traceback (most recent call last):
  File "C:\Source\thercreport\scripts\py_smoketest.py", line 36, in <module>
    page.wait_for_timeout(800)
  File "C:\Users\jason\AppData\Local\Packages\PythonSoftwareFoundation.Python.3.11_qbz5n2kfra8p0\LocalCac
he\local-packages\Python311\site-packages\playwright\sync_api\_generated.py", line 11532, in 
wait_for_timeout
    self._sync(self._impl_obj.wait_for_timeout(timeout=timeout))
  File "C:\Users\jason\AppData\Local\Packages\PythonSoftwareFoundation.Python.3.11_qbz5n2kfra8p0\LocalCac
he\local-packages\Python311\site-packages\playwright\_impl\_sync_base.py", line 115, in _sync
    return task.result()
           ^^^^^^^^^^^^^
  File "C:\Users\jason\AppData\Local\Packages\PythonSoftwareFoundation.Python.3.11_qbz5n2kfra8p0\LocalCac
he\local-packages\Python311\site-packages\playwright\_impl\_page.py", line 1101, in wait_for_timeout
    await self._main_frame.wait_for_timeout(timeout)
  File "C:\Users\jason\AppData\Local\Packages\PythonSoftwareFoundation.Python.3.11_qbz5n2kfra8p0\LocalCac
he\local-packages\Python311\site-packages\playwright\_impl\_frame.py", line 862, in wait_for_timeout
    await self._channel.send("waitForTimeout", None, {"waitTimeout": timeout})
  File "C:\Users\jason\AppData\Local\Packages\PythonSoftwareFoundation.Python.3.11_qbz5n2kfra8p0\LocalCac
he\local-packages\Python311\site-packages\playwright\_impl\_connection.py", line 69, in send
    return await self._connection.wrap_api_call(
           ^^^^^^^^^^^^^^^^^^^^^^^^^^^^^^^^^^^^^
  File "C:\Users\jason\AppData\Local\Packages\PythonSoftwareFoundation.Python.3.11_qbz5n2kfra8p0\LocalCac
he\local-packages\Python311\site-packages\playwright\_impl\_connection.py", line 559, in wrap_api_call
    raise rewrite_error(error, f"{parsed_st['apiName']}: {error}") from None
          ^^^^^^^^^^^^^^^^^^^^^^^^^^^^^^^^^^^^^^^^^^^^^^^^^^^^^^^^
  File "C:\Users\jason\AppData\Local\Packages\PythonSoftwareFoundation.Python.3.11_qbz5n2kfra8p0\LocalCac
he\local-packages\Python311\site-packages\playwright\_impl\_errors.py", line 56, in rewrite_error
    rewritten_exc = type(error)(message)
                    ^^^^^^^^^^^^^^^^^^^^
TypeError: function takes exactly 5 arguments (1 given)
PAGE LOG: PAGE LOG: 
